====== Install Ldap and configuration on Centos7 ======

In this tutorial, we will install a openldap server and client on two vms.

===== Environment =====

^Host Name^ IP^ OS ^ Purpose^
|ldap-server.pengfei.org|10.70.3.66|Centos 7| Ldap server|
|ldap-client.pengfei.org|10.70.3.68|Centos 7| Ldap client|

===== 0. Pre-installation =====

Add necessary conf in your /etc/hosts to make them accessible via host name.
For example.
<code>
10.70.3.66    ldap-server.pengfei.org
10.70.3.68    ldap-client.pengfei.org
</code>

==== 0.1 Add firewall rules to allow ldap connextions ====


<code>
firewall-cmd --zone=public --add-port=389/tcp --permanent
firewall-cmd --zone=public --add-port=636/tcp --permanent
firewall-cmd --reload
</code>

==== 0.2 Generate ldap root password ====

<code>
[root@server ~]# slappasswd
New password: 
Re-enter new password: 
{SSHA}d/thexcQUuSfe3rx3gRaEhHpNJ52N8D3
[root@server ~]#
</code>

===== 1. Install Ldap server=====

Install openldap server, client and migration tools for inserting new dn into openldap server

<code>
#Install the following package for ldap
yum -y install openldap-clients openldap-servers migrationtools
</code>


===== 2. Edit the OpenLDAP Server Configuration =====

There are two ways to configure the LDAP server, you can directly modify the conf file. Or you can use the LDAP dynamic configuration feature. To start a basic LDAP server we need to set the **olcSuffix, olcRootDN, olcRootPW**.


==== 2.1 Chang the configuration file directly ====

OpenLDAP server Configuration files are located in /etc/openldap/slapd.d/.

=== 2.1.1 Setup hdb configuration ===

Go to cn=config directory under /etc/openldap/slapd.d/ and edit the “olcDatabase={2}hdb.ldif” to set backend database(hdb) configuration. This configure ldap admin account name and password, and root cn.

<code>
$ cd /etc/openldap/slapd.d/cn=config

$ vim olcDatabase={2}hdb.ldif

# Password can be generated with the following command

$ slappasswd
</code>

Based on your organization, you need to modify the dc accordingly.

<file ldif hdb.ldif>
olcSuffix: dc=pengfei,dc=org
olcRootDN: cn=admin,dc=bioaster,dc=org

olcRootPW: {SSHA}bHSiwuPJEypHS6zHSE2Uy7M69sQjmkPL
# The certification is optional, add them if you need ldaps
#olcTLSCertificateFile: /etc/pki/tls/certs/ldap_cert.pem
#olcTLSCertificateKeyFile: /etc/pki/tls/private/ldap_key.pem
</file>

=== 2.1.2 Setup config.ldif ===

This configures the admin account and password for ldap config backend. 

<code>
$ vim olcDatabase={0}config.ldif

# add the following lines
olcRootDN: cn=admin,cn=config
olcRootPW: {SSHA}136vcYXg5h8YJdfsgsdfgyg9mowJtGWA
</code>

=== 2.1.3 Setup the monitor privilege ===

To allow admin account to read the monitor log, we need to modify the following config file.

<code>
$ vim olcDatabase={1}monitor.ldif

# add following line
olcAccess: {0}to * by dn.base="gidNumber=0+uidNumber=0,cn=peercred,cn=external, cn=auth" read by dn.base="cn=admin,dc=pengfei,dc=org" read by * none
</code>

=== 2.1.3 Test the correctness of your config ===

<code>
$ slaptest -u

# It should show something like this

587cd848 ldif_read_file: checksum error on "/etc/openldap/slapd.d/cn=config/olcDatabase={1}monitor.ldif"
587cd848 ldif_read_file: checksum error on "/etc/openldap/slapd.d/cn=config/olcDatabase={2}hdb.ldif"
config file testing succeeded
</code>

==== 2.2 Configure LDAP by usnig dynamic configuration feature====

=== 2.2.1 Start and enable slapd service ===


To use the dynamic configuration feature, we need to start the LDAP server service first

<code>
#start the service
systemctl start slapd.service

# enable the daemon launch at the start of the machine
systemctl enable slapd.service

#verify the LDAP running on port 389
$ netstat -antup | grep -i 389

# Or you can get all ldap connection
netstat -antup | grep slapd

tcp        0      0 0.0.0.0:389             0.0.0.0:*               LISTEN      8545/slapd                            
tcp6       0      0 :::389                  :::*                    LISTEN      8545/slapd  
</code>


=== 2.2.2 Set olc root user and password for ldap front end ===

To start a basic LDAP server we need to set the **olcSuffix, olcRootDN, olcRootPW**.

We will use ldapmodify to change them, prepare an init.ldif

<file ldif init.ldif>
dn: olcDatabase={2}hdb,cn=config
changetype: modify
replace: olcSuffix
olcSuffix: dc=pengfei,dc=org

dn: olcDatabase={2}hdb,cn=config
changetype: modify
replace: olcRootDN
olcRootDN: cn=admin,dc=pengfei,dc=org

dn: olcDatabase={2}hdb,cn=config
changetype: modify
replace: olcRootPW
olcRootPW: {SSHA}jCfNbdgnB7TyOUWrCPByznrifWl/RhwM
</file>

To add the above conf in the cn=config of ldap server, use the ldapmodify command

<code>
$ ldapmodify -Y EXTERNAL -H ldapi:/// -f init.ldif
SASL/EXTERNAL authentication started
SASL username: gidNumber=0+uidNumber=0,cn=peercred,cn=external,cn=auth
SASL SSF: 0
modifying entry "olcDatabase={2}hdb,cn=config"

modifying entry "olcDatabase={2}hdb,cn=config"

modifying entry "olcDatabase={2}hdb,cn=config"

</code>

=== 2.2.3 Set olc login and password for ldap backend cn=config ===
Prepare the following ldif file and use the ldapmodify command

<file ldif rootpw_config.ldif>
dn: olcDatabase={0}config.ldif,cn=config
changetype: modify
replace: olcRootDN
olcRootDN: cn=admin,cn=config

dn: olcDatabase={0}config.ldif,cn=config
changetype: modify
replace: olcRootPW
olcRootPW: {SSHA}jCfNbdgnB7TyOUWrCPByznrifWl/RhwM

</file>


=== 2.2.4 change monitor access control ===

Change the /etc/openldap/slapd.d/cn=config/olcDatabase={1}monitor.ldif to restrict the monitor access only to ldap root user not to others.

Create/Edit a monitor.ldif

<file ldif monitor.ldif>
dn: olcDatabase={1}monitor,cn=config
changetype: modify
replace: olcAccess
olcAccess: {0}to * by dn.base="gidNumber=0+uidNumber=0,cn=peercred,cn=external, cn=auth" read by dn.base="cn=admin,dc=pengfei,dc=org" read by * none
</file>

add the above config in the ldap server

<code>
$ ldapmodify -Y EXTERNAL -H ldapi:/// -f monitor.ldif
SASL/EXTERNAL authentication started
SASL username: gidNumber=0+uidNumber=0,cn=peercred,cn=external,cn=auth
SASL SSF: 0
modifying entry "olcDatabase={1}monitor,cn=config"

</code>


===== 3. Enable tls/ssl for openldap server =====

Why we don't use StarTLS?

Because StarTLS for LDAP is slightly different from LDAPS, the main difference being, that first the client needs to establish an unencrypted connection with the directory server. At any point in time after establishing the connection (as long as there are no outstanding LDAP operations on the connection), the StartTLS extended operation shall be sent across to the server. Once a successful extended operation response has been received, the client can initiate the TLS handshake over the existing connection. Once the handshake is done, all future LDAP operations will be transmitted on the now secure, encrypted channel. Personally my concerns with StartTLS are:

You must have a plain LDAP port open on the network.

Even after a client connects to the directory there is absolutely nothing preventing the user from sending BIND or any other kind of requests on the unencrypted channel before actually performing the StartTLS extended operation.

Conclusion: Use LDAPS if possible

==== 3.0 Configure firewall ====

In our case, we use centos7 native firewall firewalld. If you use iptables, you need to follow other instructions.

<code>
# check your firewall status
$ systemctl status firewalld

● firewalld.service - firewalld - dynamic firewall daemon
   Loaded: loaded (/usr/lib/systemd/system/firewalld.service; enabled; vendor preset: enabled)
   Active: active (running) since Thu 2017-01-19 15:37:00 CET; 1 years 5 months ago
     Docs: man:firewalld(1)
 Main PID: 6884 (firewalld)
   CGroup: /system.slice/firewalld.service
           └─6884 /usr/bin/python -Es /usr/sbin/firewalld --nofork --nopid

# check your ldaps port open or not, in our case it's 636
$ netstat -antup | grep -i 636
(No info could be read for "-p": geteuid()=1001 but you should be root.)
tcp        0      0 0.0.0.0:636             0.0.0.0:*               LISTEN      -                   
tcp6       0      0 :::636                  :::*                    LISTEN      -   

# if not open, add following rules to firewall
$ firewall-cmd --permanent --add-service=ldaps
$ firewall-cmd --reload
</code>

==== 3.1 Create certificate for LDAP server ====

If your certificate is signed by a real CA,

You should have three important files:

  * ca-bundle.pem (ca certificate)
  * privateKey.pem (private key of your PKI pair)
  * cert.pem (signed public key of your PKI pair by CA)

If your certificate is self-signed, Your ca-bundle.pem is your cert.pem

The following command creates a self-signed certificate.

<code>
$ openssl req -new -x509 -nodes -out /etc/openldap/certs/cert.pem -keyout /etc/openldap/certs/privatKey.pem -days 365
Generating a 2048 bit RSA private key
.............................+++
.......................+++
writing new private key to '/etc/openldap/certs/privatKey.pem'
-----
You are about to be asked to enter information that will be incorporated
into your certificate request.
What you are about to enter is what is called a Distinguished Name or a DN.
There are quite a few fields but you can leave some blank
For some fields there will be a default value,
If you enter '.', the field will be left blank.
-----
Country Name (2 letter code) [XX]:FR
State or Province Name (full name) []:Rhone-Alpe
Locality Name (eg, city) [Default City]:Lyon
Organization Name (eg, company) [Default Company Ltd]:PENGFEI
Organizational Unit Name (eg, section) []:PENGFEI
Common Name (eg, your name or your server's hostname) []:pengfei.org
Email Address []:pengfei@pengfei.org

# Reset owner of the generated certificate and private key
chown -R ldap:ldap /etc/openldap/certs/*.pem

# verify them
ll /etc/openldap/certs/*.pem
</code>

==== 3.2 Add cert and private key path into ldap server(cn=config) ====

To add cert and private key path into LDAP server configuration, we need to
  * Copy the certificate and private key into /etc/openldap/certs
  * Prepare the following ldif files

<code>
#copy certificate and private keys
cp ca-bundle.pem /etc/openldap/certs/.
cp cert.pem /etc/openldap/certs/.
cp privateKey.pem /etc/openldap/certs/.

#change owner to ldap for all
chown ldap:ldap *.pem

#change acl of private key
chmod 0600 /etc/openldap/certs/privatekey.pem
</code>

<file ldif certs.ldif>
dn: cn=config
changetype: modify
add: olcTLSCACertificateFile
olcTLSCACertificateFile: /etc/openldap/certs/ca-bundle.pem
-
replace: olcTLSCertificateFile
olcTLSCertificateFile: /etc/openldap/certs/cert.pem
-
replace: olcTLSCertificateKeyFile
olcTLSCertificateKeyFile: /etc/openldap/certs/privateKey.pem
</file>

Add it to the cn=config

<code>
$ ldapmodify -Y EXTERNAL  -H ldapi:/// -f /tmp/certs.ldif
SASL/EXTERNAL authentication started
SASL username: gidNumber=0+uidNumber=0,cn=peercred,cn=external,cn=auth
SASL SSF: 0
modifying entry "cn=config"

modifying entry "cn=config"


# test the configuration

$ slaptest -u
config file testing succeeded

</code>

==== 3.3 Enable ldaps on your slapd daemon ====

Edit /etc/sysconfig/slapd

<code>
SLAPD_URLS="ldapi:/// ldap:/// ldaps:///"
</code>

You need to restart slapd to enable new config
<code>
systemctl restart slapd
</code>

==== 3.4 Test the ldaps with a client ====

<code>
# on the client side server, install ldap-client
sudo yum install openldap-clients

#copy the ldap certificate in /etc/openldap/certs/cert.pem

# edit the ldap.conf
vim /etc/openldap/ldap.conf

# Put the following lines
#
# LDAP Defaults
#

# See ldap.conf(5) for details
# This file should be world readable but not world writable.

#BASE	dc=example,dc=com
#URI	ldap://ldap.example.com ldap://ldap-master.example.com:666

#SIZELIMIT	12
#TIMELIMIT	15
#DEREF		never

TLS_CACERTDIR	/etc/openldap/certs

# Turning this off breaks GSSAPI used with krb5 when rdns = false
SASL_NOCANON	on

URI ldaps://10.70.3.118:636
BASE dc=bioaster,dc=org

TLS_CACERT /etc/openldap/certs/ldap.crt
TLS_REQCERT allow
</code>

After OpenLDAP client configuration, we can try to connect to the ldap server with ldaps

<code>
# on the client run the ldapsearch with ldaps protocol
ldapsearch -x -LLL -H ldaps://10.70.3.66:636 -b dc=pengfei,dc=org dn
dn: dc=pengfei,dc=org

dn: cn=admin,dc=pengfei,dc=org

dn: ou=Users,dc=pengfei,dc=org

dn: ou=Groups,dc=pengfei,dc=org

# in the /var/log/openldap/slapd.log, you could see the tls connextion is established.

Feb 27 15:58:10 CCLinGridFtpD02 slapd[29735]: conn=1022 fd=27 ACCEPT from IP=10.70.3.66:54080 (IP=0.0.0.0:636)
Feb 27 15:58:10 CCLinGridFtpD02 slapd[29735]: conn=1022 fd=27 TLS established tls_ssf=256 ssf=256
Feb 27 15:58:10 CCLinGridFtpD02 slapd[29735]: conn=1022 op=0 BIND dn="" method=128
Feb 27 15:58:10 CCLinGridFtpD02 slapd[29735]: conn=1022 op=0 RESULT tag=97 err=0 text=
Feb 27 15:58:10 CCLinGridFtpD02 slapd[29735]: conn=1022 op=1 SRCH base="dc=pengfei,dc=org" scope=2 deref=0 filter="(objectClass=*)"
Feb 27 15:58:10 CCLinGridFtpD02 slapd[29735]: conn=1022 op=1 SRCH attr=dn
Feb 27 15:58:10 CCLinGridFtpD02 slapd[29735]: conn=1022 op=1 SEARCH RESULT tag=101 err=0 nentries=6 text=
Feb 27 15:58:10 CCLinGridFtpD02 slapd[29735]: conn=1022 op=2 UNBIND
Feb 27 15:58:10 CCLinGridFtpD02 slapd[29735]: conn=1022 fd=27 closed
</code> 

===== 4. Set up ldap database =====

<code>
# copy the sample database
cp /usr/share/openldap-servers/DB_CONFIG.example /var/lib/ldap/DB_CONFIG

# update the file permission
chown ldap:ldap /var/lib/ldap/*

</code>


===== 5. Add basic ldap schemas =====

<code>
ldapadd -Y EXTERNAL -H ldapi:/// -f /etc/openldap/schema/cosine.ldif
ldapadd -Y EXTERNAL -H ldapi:/// -f /etc/openldap/schema/nis.ldif 
ldapadd -Y EXTERNAL -H ldapi:/// -f /etc/openldap/schema/inetorgperson.ldif
</code>

===== 6. Build basic structure in ldap server =====


To create base objects in OpenLDAP, we need migration tools to be installed. We have already installed the migrationtools in the step 1 itself. So You will see lot of files and scripts under /usr/share/migrationtools/.

We need to change some predefined values in the file “migrate_common.ph” according to our domain name, for that do the following:

cd /usr/share/migrationtools/

vi migrate_common.ph

Change the following lines:

<code>
DEFAULT_MAIL_DOMAIN = "pengfei.org";
DEFAULT_BASE = "dc=pengfei,dc=org";
EXTENDED_SCHEMA = 1;
</code>

Generate a base.ldif file for your domain

<file ldif base.ldif>
dn: dc=pengfei,dc=org
dc: pengfei
objectClass: top
objectClass: domain

dn: cn=admin ,dc=pengfei,dc=org
objectClass: organizationalRole
cn: admin
description: LDAP Manager

dn: ou=Users,dc=pengfei,dc=org
objectClass: organizationalUnit
ou: People

dn: ou=Groups,dc=pengfei,dc=org
objectClass: organizationalUnit
ou: Group
</file>

Add this to your ldap server

<code>
# add the ldif file
$ ldapadd -x -W -D "cn=admin,dc=pengfei,dc=org" -f base.ldif

# test the result
$ ldapsearch -x -LLL -H ldaps://10.70.3.66 -b dc=pengfei,dc=org dn

dn: dc=pengfei,dc=org

dn: cn=admin,dc=pengfei,dc=org

dn: ou=Users,dc=pengfei,dc=org

dn: ou=Groups,dc=pengfei,dc=org

</code>

==== 6.1 Add user with ldif template ====

Now we need to add a user account by using the following ldif file 

<file ldif user.ldif>
DN: cn=Pengfei Liu,ou=Users,dc=udl,dc=org
objectClass: top
objectClass: posixAccount
objectClass: shadowAccount
objectClass: inetOrgPerson
mail: liu.pengfei@hotmail.fr
uid: pliu
sn: Liu
uidNumber: 9999
gidNumber: 100
homeDirectory: /home/pliu
loginShell: /bin/bash
userPassword: {ssha}dGSuSVTBQ74dXL2F/gjx2kHQzpGrxZhuLAjmnw==
shadowLastChange: 17058
shadowMin: 0
shadowMax: 99999
shadowWarning: 7
</file>
ShadowLastChange, shadowMin, shadowMax, shadowWarning, are attributes related to shadowAccount class. It controls the user password change policy. For more information, please check https://ldapwiki.com/wiki/ShadowAccount.


Add user to the ldap server
<code>
# add user
$ ldapadd -x -W -D "cn=admin,dc=pengfei,dc=org" -f user.ldif

# test user login password
# ldapwhoami -vvv -h <hostname> -p <port> -D <binddn> -x -w <passwd>

$ ldapwhoami -vvv -h 10.70.3.66 -D "cn=LIU Pengfei,ou=Users,dc=pengfei,dc=org" -x -w "changeMe"
ldap_initialize( ldap://10.70.3.66 )
dn:cn=LIU Pengfei,ou=Users,dc=pengfei,dc=org
Result: Success (0)

</code> 

==== 6.2 Add roles/groups with ldif template ====

We have different objectClass to define user roles/groups. We recommend groupOfNames. Because its the standard way, and most of ldap clients accept it.
 
<code>
dn: ou=Roles,dc=udl,dc=org
objectClass: organizationalUnit
ou: Roles

dn: cn=Admin,ou=Roles,dc=udl,dc=org
objectClass: groupOfNames
objectClass: top
cn: Admin
member: cn=Pengfei Liu,ou=Users,dc=udl,dc=org

</code>

===== 7. Conifgure log location and rotation =====

Openldap log is handled by rsyslog, So to output log in a location, you need to change the config file of /etc/rsyslog.conf

''vim vim /etc/rsyslog.conf'' 

<code>
# Log Openldap
local4.*                                     -/var/log/openldap/slapd.log
</code>

To enable log rotation, you need to add a new rotation script for openldap

'' cd /etc/logrotate.d/''

'' vim openldap''

<code>
# OpenLDAP
/var/log/openldap/slapd.log {
   missingok
   notifempty
   compress
   weekly
   rotate 10
   size=50M
   sharedscripts
   postrotate
 # OpenLDAP logs via syslog, restart syslog if running
   /etc/init.d/rsyslog restart
 endscript
}
</code>

====== Common erros ======

===== olcdatabase name =====

You need to check the olcdatabase, normally it's hdb, but for someone, it can be bdb. So you need to modify init.ldif accordingly. 

===== ldap_add: No such object =====

This error is commonly returned if parent of the entry being added does not exist. 

For example, if you want to add an entry cn=bob,dc=pengfei,dc=org, and dc=pengfei,dc=org does not exist.

Or if you want to add an entry cn=bob,ou=Users,dc=pengfei,dc=org and only parent ou=People,dc=pengfei,dc=org exist.

Add the parent entry first
